// Jest Snapshot v1, https://goo.gl/fbAQLP

exports[`Dog test renders dog 1`] = `
<dl>
  <dt>
    Name
  </dt>
  <dd>
    Spot
  </dd>
  <dt>
    Age
  </dt>
  <dd>
    25
  </dd>
  <dt>
    Weight
  </dt>
  <dd>
    80 lbs
  </dd>
</dl>
`;
